[2026-09-28T23:12:13Z] === ENRICH ITERATION 20 START | repo=pandas-dev/pandas sha=9c8bc3e5 ===
[2026-09-28T23:12:13Z] [iter=20] PHASE START: enrich repo=pandas-dev/pandas sha=9c8bc3e5 runlog=/home/runner/work/forx/forx/storage/aggregate/lsp/logs/9c8bc3e5-enrich-iter-020.log output=/home/runner/work/forx/forx/storage/aggregate/lsp/9c8bc3e55188c8aff37207a74f1dd144980b8874.nq.gz
[2026-09-28T23:12:40Z] [iter=20] Step 1: Loading AST into disk-backed store mem_mb=80 MB
[2026-09-28T23:18:27Z] [iter=20] AST store loaded triples=27323237 load_secs=336 mem_mb=1110 MB
[2026-09-28T23:18:27Z] [iter=20] Step 2: Finding LSP targets mem_mb=1110 MB
[2026-09-28T23:20:06Z] [iter=20] LSP targets found call_sites=221452 imports=657 extends=29 implements=0 secs=99
[2026-09-28T23:20:14Z] [iter=20] Loaded checkpoint partial graph triples=184145
[2026-09-28T23:21:33Z] [iter=20] Step 2.7: Building position index (one-shot, shared across resolvers) mem_mb=1147 MB
[2026-09-28T23:24:43Z] [iter=20] Position index built positions=1817876 nodes_with_types=2388784 secs=190 mem_mb=4386 MB
[2026-09-28T23:24:43Z] [iter=20] Step 3: Starting LSP resolution mem_mb=4386 MB already_completed_types=[] already_completed_files=87
[2026-09-28T23:24:43Z] [iter=20] Resolving target type target_type=call_site count=221452
[2026-09-28T23:24:45Z] [iter=20] HEARTBEAT target_type=call_site elapsed_min=12.5 files_done=0 resolved=0 errors=0 current=pandas/tests/test_algos.py
[2026-09-29T01:56:56Z] [iter=20] HEARTBEAT target_type=call_site elapsed_min=164.7 files_done=1 resolved=30 errors=777 current=pandas/tests/generic/test_finalize.py
[2026-09-29T02:12:49Z] [iter=20] HEARTBEAT target_type=call_site elapsed_min=180.6 files_done=2 resolved=307 errors=858 current=asv_bench/benchmarks/algorithms.py
[2026-09-29T02:19:17Z] [iter=20] HEARTBEAT target_type=call_site elapsed_min=187.1 files_done=3 resolved=320 errors=891 current=pandas/tests/groupby/aggregate/test_numba.py
[2026-09-29T02:40:27Z] [iter=20] HEARTBEAT target_type=call_site elapsed_min=208.2 files_done=4 resolved=346 errors=999 current=pandas/core/frame.py
[2026-09-29T03:13:46Z] [iter=20] CHECKPOINT TRIGGERED elapsed_min=241.6 files_completed=91 new_files_this_iter=4 mem_mb=4414 MB
[2026-09-29T03:13:46Z] [iter=20] Writing partial enrichment graph path=/home/runner/work/forx/forx/storage/aggregate/lsp/9c8bc3e55188c8aff37207a74f1dd144980b8874.nq.gz triples=190212
[2026-09-29T03:13:48Z] [iter=20] Checkpoint written, exiting with code 7
[2026-09-29T03:13:48Z] [iter=20] PHASE END: enrich (checkpointed) elapsed_s=14493 elapsed_min=241.6 files_completed=91
