[2026-09-17T06:03:33Z] === ENRICH ITERATION 11 START | repo=pandas-dev/pandas sha=9c8bc3e5 ===
[2026-09-17T06:03:33Z] [iter=11] PHASE START: enrich repo=pandas-dev/pandas sha=9c8bc3e5 runlog=/home/runner/work/forx/forx/storage/aggregate/lsp/logs/9c8bc3e5-enrich-iter-011.log output=/home/runner/work/forx/forx/storage/aggregate/lsp/9c8bc3e55188c8aff37207a74f1dd144980b8874.nq.gz
[2026-09-17T06:04:06Z] [iter=11] Step 1: Loading AST into disk-backed store mem_mb=80 MB
[2026-09-17T06:09:39Z] [iter=11] AST store loaded triples=27323237 load_secs=321 mem_mb=1098 MB
[2026-09-17T06:09:39Z] [iter=11] Step 2: Finding LSP targets mem_mb=1098 MB
[2026-09-17T06:11:20Z] [iter=11] LSP targets found call_sites=221452 imports=657 extends=29 implements=0 secs=101
[2026-09-17T06:11:24Z] [iter=11] Loaded checkpoint partial graph triples=102996
[2026-09-17T06:12:47Z] [iter=11] Step 2.7: Building position index (one-shot, shared across resolvers) mem_mb=1098 MB
[2026-09-17T06:15:32Z] [iter=11] Position index built positions=1817876 nodes_with_types=2388784 secs=165 mem_mb=4086 MB
[2026-09-17T06:15:32Z] [iter=11] Step 3: Starting LSP resolution mem_mb=4086 MB already_completed_types=[] already_completed_files=40
[2026-09-17T06:15:32Z] [iter=11] Resolving target type target_type=call_site count=221452
[2026-09-17T06:15:33Z] [iter=11] HEARTBEAT target_type=call_site elapsed_min=12.0 files_done=0 resolved=0 errors=0 current=pandas/tests/io/json/test_json_table_schema.py
[2026-09-17T06:50:52Z] [iter=11] HEARTBEAT target_type=call_site elapsed_min=47.3 files_done=1 resolved=23 errors=177 current=pandas/tests/scalar/timedelta/test_arithmetic.py
[2026-09-17T07:46:49Z] [iter=11] HEARTBEAT target_type=call_site elapsed_min=103.3 files_done=2 resolved=140 errors=459 current=pandas/tests/frame/indexing/test_where.py
[2026-09-17T09:09:24Z] [iter=11] HEARTBEAT target_type=call_site elapsed_min=185.8 files_done=3 resolved=174 errors=877 current=pandas/tests/io/formats/style/test_highlight.py
[2026-09-17T09:11:24Z] [iter=11] HEARTBEAT target_type=call_site elapsed_min=187.9 files_done=4 resolved=184 errors=887 current=pandas/core/arrays/string_.py
[2026-09-17T09:38:36Z] [iter=11] HEARTBEAT target_type=call_site elapsed_min=215.0 files_done=5 resolved=300 errors=1025 current=pandas/tests/tseries/offsets/test_fiscal.py
[2026-09-17T10:00:54Z] [iter=11] HEARTBEAT target_type=call_site elapsed_min=237.4 files_done=6 resolved=308 errors=1138 current=pandas/tests/frame/test_query_eval.py
[2026-09-17T10:04:29Z] [iter=11] CHECKPOINT TRIGGERED elapsed_min=240.9 files_completed=46 new_files_this_iter=6 mem_mb=4133 MB
[2026-09-17T10:04:29Z] [iter=11] Writing partial enrichment graph path=/home/runner/work/forx/forx/storage/aggregate/lsp/9c8bc3e55188c8aff37207a74f1dd144980b8874.nq.gz triples=109695
[2026-09-17T10:04:31Z] [iter=11] Checkpoint written, exiting with code 7
[2026-09-17T10:04:31Z] [iter=11] PHASE END: enrich (checkpointed) elapsed_s=14457 elapsed_min=240.9 files_completed=46
