[2026-09-27T19:05:56Z] === ENRICH ITERATION 17 START | repo=pandas-dev/pandas sha=9c8bc3e5 ===
[2026-09-27T19:05:56Z] [iter=17] PHASE START: enrich repo=pandas-dev/pandas sha=9c8bc3e5 runlog=/home/runner/work/forx/forx/storage/aggregate/lsp/logs/9c8bc3e5-enrich-iter-017.log output=/home/runner/work/forx/forx/storage/aggregate/lsp/9c8bc3e55188c8aff37207a74f1dd144980b8874.nq.gz
[2026-09-27T19:06:26Z] [iter=17] Step 1: Loading AST into disk-backed store mem_mb=81 MB
[2026-09-27T19:14:05Z] [iter=17] AST store loaded triples=27323237 load_secs=450 mem_mb=1112 MB
[2026-09-27T19:14:05Z] [iter=17] Step 2: Finding LSP targets mem_mb=1112 MB
[2026-09-27T19:15:22Z] [iter=17] LSP targets found call_sites=221452 imports=657 extends=29 implements=0 secs=77
[2026-09-27T19:15:27Z] [iter=17] Loaded checkpoint partial graph triples=158514
[2026-09-27T19:16:30Z] [iter=17] Step 2.7: Building position index (one-shot, shared across resolvers) mem_mb=1112 MB
[2026-09-27T19:18:42Z] [iter=17] Position index built positions=1817876 nodes_with_types=2388784 secs=131 mem_mb=4301 MB
[2026-09-27T19:18:42Z] [iter=17] Step 3: Starting LSP resolution mem_mb=4301 MB already_completed_types=[] already_completed_files=72
[2026-09-27T19:18:42Z] [iter=17] Resolving target type target_type=call_site count=221452
[2026-09-27T19:18:43Z] [iter=17] HEARTBEAT target_type=call_site elapsed_min=12.8 files_done=0 resolved=0 errors=0 current=pandas/tests/indexing/test_categorical.py
[2026-09-27T19:47:14Z] [iter=17] HEARTBEAT target_type=call_site elapsed_min=41.3 files_done=1 resolved=11 errors=174 current=pandas/tests/arrays/sparse/test_libsparse.py
[2026-09-27T19:54:55Z] [iter=17] HEARTBEAT target_type=call_site elapsed_min=49.0 files_done=2 resolved=33 errors=221 current=pandas/tests/dtypes/test_common.py
[2026-09-27T20:50:33Z] [iter=17] HEARTBEAT target_type=call_site elapsed_min=104.6 files_done=3 resolved=88 errors=561 current=pandas/tests/groupby/test_apply.py
[2026-09-27T22:03:26Z] [iter=17] HEARTBEAT target_type=call_site elapsed_min=177.5 files_done=4 resolved=183 errors=1006 current=pandas/tests/io/test_common.py
[2026-09-27T22:22:54Z] [iter=17] HEARTBEAT target_type=call_site elapsed_min=197.0 files_done=5 resolved=264 errors=1125 current=pandas/tests/reshape/test_melt.py
[2026-09-27T23:00:27Z] [iter=17] HEARTBEAT target_type=call_site elapsed_min=234.5 files_done=6 resolved=304 errors=1354 current=pandas/tests/io/pytables/test_complex.py
[2026-09-27T23:06:01Z] [iter=17] CHECKPOINT TRIGGERED elapsed_min=240.1 files_completed=78 new_files_this_iter=6 mem_mb=4338 MB
[2026-09-27T23:06:01Z] [iter=17] Writing partial enrichment graph path=/home/runner/work/forx/forx/storage/aggregate/lsp/9c8bc3e55188c8aff37207a74f1dd144980b8874.nq.gz triples=166241
[2026-09-27T23:06:03Z] [iter=17] Checkpoint written, exiting with code 7
[2026-09-27T23:06:03Z] [iter=17] PHASE END: enrich (checkpointed) elapsed_s=14405 elapsed_min=240.1 files_completed=78
