[2026-09-15T23:28:54Z] === ENRICH ITERATION 4 START | repo=pandas-dev/pandas sha=9c8bc3e5 ===
[2026-09-15T23:28:54Z] [iter=4] PHASE START: enrich repo=pandas-dev/pandas sha=9c8bc3e5 runlog=/home/runner/work/forx/forx/storage/aggregate/lsp/logs/9c8bc3e5-enrich-iter-004.log output=/home/runner/work/forx/forx/storage/aggregate/lsp/9c8bc3e55188c8aff37207a74f1dd144980b8874.nq.gz
[2026-09-15T23:29:19Z] [iter=4] Step 1: Loading AST into disk-backed store mem_mb=80 MB
[2026-09-15T23:34:59Z] [iter=4] AST store loaded triples=27323237 load_secs=329 mem_mb=1112 MB
[2026-09-15T23:34:59Z] [iter=4] Step 2: Finding LSP targets mem_mb=1112 MB
[2026-09-15T23:36:44Z] [iter=4] LSP targets found call_sites=221452 imports=657 extends=29 implements=0 secs=105
[2026-09-15T23:36:46Z] [iter=4] Loaded checkpoint partial graph triples=39104
[2026-09-15T23:38:10Z] [iter=4] Step 2.7: Building position index (one-shot, shared across resolvers) mem_mb=1112 MB
[2026-09-15T23:41:27Z] [iter=4] Position index built positions=1817876 nodes_with_types=2388784 secs=197 mem_mb=4057 MB
[2026-09-15T23:41:27Z] [iter=4] Step 3: Starting LSP resolution mem_mb=4057 MB already_completed_types=[] already_completed_files=5
[2026-09-15T23:41:27Z] [iter=4] Resolving target type target_type=call_site count=221452
[2026-09-15T23:41:29Z] [iter=4] HEARTBEAT target_type=call_site elapsed_min=12.6 files_done=0 resolved=0 errors=0 current=pandas/tests/indexes/test_old_base.py
[2026-09-16T00:10:10Z] [iter=4] HEARTBEAT target_type=call_site elapsed_min=41.3 files_done=1 resolved=7 errors=148 current=pandas/tests/groupby/test_categorical.py
[2026-09-16T02:36:10Z] [iter=4] HEARTBEAT target_type=call_site elapsed_min=187.3 files_done=2 resolved=161 errors=901 current=pandas/core/indexes/datetimes.py
[2026-09-16T02:53:13Z] [iter=4] HEARTBEAT target_type=call_site elapsed_min=204.3 files_done=3 resolved=216 errors=989 current=pandas/core/util/hashing.py
[2026-09-16T02:58:28Z] [iter=4] HEARTBEAT target_type=call_site elapsed_min=209.6 files_done=4 resolved=255 errors=1016 current=pandas/tests/io/parser/usecols/test_usecols_basic.py
[2026-09-16T03:09:32Z] [iter=4] HEARTBEAT target_type=call_site elapsed_min=220.6 files_done=5 resolved=304 errors=1073 current=pandas/tests/indexing/test_loc.py
[2026-09-16T03:30:04Z] [iter=4] CHECKPOINT TRIGGERED elapsed_min=241.2 files_completed=10 new_files_this_iter=5 mem_mb=4098 MB
[2026-09-16T03:30:04Z] [iter=4] Writing partial enrichment graph path=/home/runner/work/forx/forx/storage/aggregate/lsp/9c8bc3e55188c8aff37207a74f1dd144980b8874.nq.gz triples=45989
[2026-09-16T03:30:04Z] [iter=4] Checkpoint written, exiting with code 7
[2026-09-16T03:30:04Z] [iter=4] PHASE END: enrich (checkpointed) elapsed_s=14470 elapsed_min=241.2 files_completed=10
