[2026-09-26T19:13:40Z] === ENRICH ITERATION 15 START | repo=pandas-dev/pandas sha=9c8bc3e5 ===
[2026-09-26T19:13:40Z] [iter=15] PHASE START: enrich repo=pandas-dev/pandas sha=9c8bc3e5 runlog=/home/runner/work/forx/forx/storage/aggregate/lsp/logs/9c8bc3e5-enrich-iter-015.log output=/home/runner/work/forx/forx/storage/aggregate/lsp/9c8bc3e55188c8aff37207a74f1dd144980b8874.nq.gz
[2026-09-26T19:14:09Z] [iter=15] Step 1: Loading AST into disk-backed store mem_mb=81 MB
[2026-09-26T19:21:13Z] [iter=15] AST store loaded triples=27323237 load_secs=417 mem_mb=1127 MB
[2026-09-26T19:21:13Z] [iter=15] Step 2: Finding LSP targets mem_mb=1127 MB
[2026-09-26T19:22:07Z] [iter=15] LSP targets found call_sites=221452 imports=657 extends=29 implements=0 secs=55
[2026-09-26T19:22:11Z] [iter=15] Loaded checkpoint partial graph triples=133141
[2026-09-26T19:22:56Z] [iter=15] Step 2.7: Building position index (one-shot, shared across resolvers) mem_mb=1127 MB
[2026-09-26T19:24:32Z] [iter=15] Position index built positions=1817876 nodes_with_types=2388784 secs=96 mem_mb=4260 MB
[2026-09-26T19:24:32Z] [iter=15] Step 3: Starting LSP resolution mem_mb=4260 MB already_completed_types=[] already_completed_files=58
[2026-09-26T19:24:32Z] [iter=15] Resolving target type target_type=call_site count=221452
[2026-09-26T19:24:33Z] [iter=15] HEARTBEAT target_type=call_site elapsed_min=10.9 files_done=0 resolved=0 errors=0 current=pandas/tests/io/formats/test_to_csv.py
[2026-09-26T19:47:41Z] [iter=15] HEARTBEAT target_type=call_site elapsed_min=34.0 files_done=1 resolved=47 errors=239 current=pandas/core/reshape/concat.py
[2026-09-26T19:53:53Z] [iter=15] HEARTBEAT target_type=call_site elapsed_min=40.2 files_done=2 resolved=158 errors=303 current=pandas/core/indexing.py
[2026-09-26T20:21:16Z] [iter=15] HEARTBEAT target_type=call_site elapsed_min=67.6 files_done=3 resolved=491 errors=587 current=pandas/tests/indexing/test_partial.py
[2026-09-26T20:48:35Z] [iter=15] HEARTBEAT target_type=call_site elapsed_min=94.9 files_done=4 resolved=518 errors=871 current=pandas/tests/tools/test_to_numeric.py
[2026-09-26T21:07:52Z] [iter=15] HEARTBEAT target_type=call_site elapsed_min=114.2 files_done=5 resolved=586 errors=1071 current=pandas/tests/series/test_logical_ops.py
[2026-09-26T21:32:23Z] [iter=15] HEARTBEAT target_type=call_site elapsed_min=138.7 files_done=6 resolved=634 errors=1324 current=pandas/tests/dtypes/test_dtypes.py
[2026-09-26T22:12:19Z] [iter=15] HEARTBEAT target_type=call_site elapsed_min=178.7 files_done=7 resolved=736 errors=1740 current=pandas/tests/reshape/concat/test_dataframe.py
[2026-09-26T22:22:16Z] [iter=15] HEARTBEAT target_type=call_site elapsed_min=188.6 files_done=8 resolved=748 errors=1844 current=pandas/core/arrays/arrow/array.py
[2026-09-26T22:42:20Z] [iter=15] HEARTBEAT target_type=call_site elapsed_min=208.7 files_done=9 resolved=1138 errors=2051 current=pandas/tests/apply/test_frame_apply.py
[2026-09-26T23:13:49Z] [iter=15] CHECKPOINT TRIGGERED elapsed_min=240.2 files_completed=67 new_files_this_iter=9 mem_mb=4302 MB
[2026-09-26T23:13:49Z] [iter=15] Writing partial enrichment graph path=/home/runner/work/forx/forx/storage/aggregate/lsp/9c8bc3e55188c8aff37207a74f1dd144980b8874.nq.gz triples=151782
[2026-09-26T23:13:50Z] [iter=15] Checkpoint written, exiting with code 7
[2026-09-26T23:13:50Z] [iter=15] PHASE END: enrich (checkpointed) elapsed_s=14409 elapsed_min=240.2 files_completed=67
