[2026-09-08T15:02:38Z] === ENRICH ITERATION 26 START | repo=pandas-dev/pandas sha=bb69be8a ===
[2026-09-08T15:02:38Z] [iter=26] PHASE START: enrich repo=pandas-dev/pandas sha=bb69be8a runlog=/home/runner/work/forx/forx/storage/aggregate/lsp/logs/bb69be8a-enrich-iter-026.log output=/home/runner/work/forx/forx/storage/aggregate/lsp/bb69be8a6c6af980f6dc89d641515502c41880a4.nq.gz
[2026-09-08T15:03:07Z] [iter=26] Step 1: Loading AST into disk-backed store mem_mb=80 MB
[2026-09-08T15:08:29Z] [iter=26] AST store loaded triples=27192739 load_secs=310 mem_mb=1118 MB
[2026-09-08T15:08:29Z] [iter=26] Step 2: Finding LSP targets mem_mb=1118 MB
[2026-09-08T15:10:01Z] [iter=26] LSP targets found call_sites=221461 imports=8555 extends=807 implements=0 secs=92
[2026-09-08T15:10:11Z] [iter=26] Loaded checkpoint partial graph triples=270077
[2026-09-08T15:11:33Z] [iter=26] Step 2.7: Building position index (one-shot, shared across resolvers) mem_mb=1336 MB
[2026-09-08T15:14:19Z] [iter=26] Position index built positions=1820097 nodes_with_types=2392291 secs=166 mem_mb=4588 MB
[2026-09-08T15:14:19Z] [iter=26] Step 3: Starting LSP resolution mem_mb=4588 MB already_completed_types=[] already_completed_files=96
[2026-09-08T15:14:19Z] [iter=26] Resolving target type target_type=call_site count=221461
[2026-09-08T15:14:20Z] [iter=26] HEARTBEAT target_type=call_site elapsed_min=11.7 files_done=0 resolved=0 errors=0 current=pandas/tests/frame/methods/test_drop.py
[2026-09-08T15:53:26Z] [iter=26] HEARTBEAT target_type=call_site elapsed_min=50.8 files_done=1 resolved=39 errors=193 current=pandas/tests/reshape/test_pivot.py
[2026-09-08T17:58:07Z] [iter=26] HEARTBEAT target_type=call_site elapsed_min=175.5 files_done=2 resolved=356 errors=809 current=pandas/tests/indexing/multiindex/test_slice.py
[2026-09-08T18:24:31Z] [iter=26] HEARTBEAT target_type=call_site elapsed_min=201.9 files_done=3 resolved=618 errors=939 current=pandas/tests/arrays/categorical/test_repr.py
[2026-09-08T18:52:59Z] [iter=26] HEARTBEAT target_type=call_site elapsed_min=230.3 files_done=4 resolved=689 errors=1079 current=pandas/tests/arrays/sparse/test_reductions.py
[2026-09-08T18:57:39Z] [iter=26] HEARTBEAT target_type=call_site elapsed_min=235.0 files_done=5 resolved=740 errors=1102 current=pandas/tests/copy_view/test_interp_fillna.py
[2026-09-08T19:02:57Z] [iter=26] CHECKPOINT TRIGGERED elapsed_min=240.3 files_completed=101 new_files_this_iter=5 mem_mb=4620 MB
[2026-09-08T19:02:57Z] [iter=26] Writing partial enrichment graph path=/home/runner/work/forx/forx/storage/aggregate/lsp/bb69be8a6c6af980f6dc89d641515502c41880a4.nq.gz triples=279298
[2026-09-08T19:03:02Z] [iter=26] Checkpoint written, exiting with code 7
[2026-09-08T19:03:02Z] [iter=26] PHASE END: enrich (checkpointed) elapsed_s=14419 elapsed_min=240.3 files_completed=101
